// Jest Snapshot v1, https://goo.gl/fbAQLP

exports[`components > App renders without crashing 1`] = `
<DocumentFragment>
  <div
    class="container"
  >
    <div>
      <div
        class="users-grid-header"
      >
        <div
          class="title-zone"
        >
          <h2>
            Users List
          </h2>
        </div>
        <div
          class="search-zone"
        >
          <input
            aria-label="search-input"
            class="search-input"
            placeholder="\\"John Smith\\""
            type="search"
            value=""
          />
        </div>
        <div
          class="settings-zone"
        >
          <div
            class="link-container"
          >
            <a
              aria-label="go to settings"
              class="link"
              href="/settings"
            >
              <svg
                fill="currentColor"
                viewBox="0 0 20 20"
                xmlns="http://www.w3.org/2000/svg"
              >
                <path
                  clip-rule="evenodd"
                  d="M11.49 3.17c-.38-1.56-2.6-1.56-2.98 0a1.532 1.532 0 01-2.286.948c-1.372-.836-2.942.734-2.106 2.106.54.886.061 2.042-.947 2.287-1.561.379-1.561 2.6 0 2.978a1.532 1.532 0 01.947 2.287c-.836 1.372.734 2.942 2.106 2.106a1.532 1.532 0 012.287.947c.379 1.561 2.6 1.561 2.978 0a1.533 1.533 0 012.287-.947c1.372.836 2.942-.734 2.106-2.106a1.533 1.533 0 01.947-2.287c1.561-.379 1.561-2.6 0-2.978a1.532 1.532 0 01-.947-2.287c.836-1.372-.734-2.942-2.106-2.106a1.532 1.532 0 01-2.287-.947zM10 13a3 3 0 100-6 3 3 0 000 6z"
                  fill-rule="evenodd"
                />
              </svg>
            </a>
          </div>
        </div>
      </div>
      <div
        aria-label="users grid"
        class="users-grid"
        role="grid"
      />
    </div>
  </div>
</DocumentFragment>
`;
