// Jest Snapshot v1, https://goo.gl/fbAQLP

exports[`features > settings > SettingsReducer updates state according to dispatched action 1`] = `
Object {
  "nationality": "es",
}
`;
